============================= test session starts ==============================
platform linux -- Python 3.12.4, pytest-8.4.2, pluggy-1.6.0 -- /home/abner/.pyenv/versions/3.12.4/bin/python
cachedir: .pytest_cache
rootdir: /home/abner/Devel/abnerjacobsen/testes/gpustack
configfile: pytest.ini
plugins: asyncio-1.2.0, anyio-4.11.0
asyncio: mode=Mode.AUTO, debug=False, asyncio_default_fixture_loop_scope=None, asyncio_default_test_loop_scope=function
collecting ... collected 50 items

tests/cloud_providers/test_aws.py::test_validate_credentials_success FAILED [  2%]
tests/cloud_providers/test_aws.py::test_validate_credentials_invalid FAILED [  4%]
tests/cloud_providers/test_aws.py::test_client_initialization PASSED     [  6%]
tests/cloud_providers/test_aws.py::test_retry_configuration PASSED       [  8%]
tests/cloud_providers/test_aws.py::test_create_ssh_key_success FAILED    [ 10%]
tests/cloud_providers/test_aws.py::test_create_ssh_key_duplicate FAILED  [ 12%]
tests/cloud_providers/test_aws.py::test_create_ssh_key_invalid_format FAILED [ 14%]
tests/cloud_providers/test_aws.py::test_delete_ssh_key_success FAILED    [ 16%]
tests/cloud_providers/test_aws.py::test_delete_ssh_key_not_found FAILED  [ 18%]
tests/cloud_providers/test_aws.py::test_ssh_key_lifecycle FAILED         [ 20%]
tests/cloud_providers/test_aws.py::test_create_instance_success FAILED   [ 22%]
tests/cloud_providers/test_aws.py::test_create_instance_with_network_config FAILED [ 24%]
tests/cloud_providers/test_aws.py::test_create_instance_security_group_only FAILED [ 26%]
tests/cloud_providers/test_aws.py::test_create_instance_invalid_ami FAILED [ 28%]
tests/cloud_providers/test_aws.py::test_create_instance_no_user_data FAILED [ 30%]
tests/cloud_providers/test_aws.py::test_create_instance_no_labels FAILED [ 32%]
tests/cloud_providers/test_aws.py::test_delete_instance_success FAILED   [ 34%]
tests/cloud_providers/test_aws.py::test_delete_instance_already_terminated FAILED [ 36%]
tests/cloud_providers/test_aws.py::test_delete_instance_not_found FAILED [ 38%]
tests/cloud_providers/test_aws.py::test_get_instance_success FAILED      [ 40%]
tests/cloud_providers/test_aws.py::test_get_instance_not_found FAILED    [ 42%]
tests/cloud_providers/test_aws.py::test_get_instance_state_mapping FAILED [ 44%]
tests/cloud_providers/test_aws.py::test_get_instance_with_volume_ids FAILED [ 46%]
tests/cloud_providers/test_aws.py::test_get_instance_public_ip_extraction FAILED [ 48%]
tests/cloud_providers/test_aws.py::test_instance_lifecycle FAILED        [ 50%]
tests/cloud_providers/test_aws.py::test_wait_for_started_success PASSED  [ 52%]
tests/cloud_providers/test_aws.py::test_wait_for_started_already_running PASSED [ 54%]
tests/cloud_providers/test_aws.py::test_wait_for_started_timeout PASSED  [ 56%]
tests/cloud_providers/test_aws.py::test_wait_for_started_not_found_retry PASSED [ 58%]
tests/cloud_providers/test_aws.py::test_wait_for_started_exponential_backoff PASSED [ 60%]
tests/cloud_providers/test_aws.py::test_wait_for_started_backoff_cap PASSED [ 62%]
tests/cloud_providers/test_aws.py::test_wait_for_public_ip_success PASSED [ 64%]
tests/cloud_providers/test_aws.py::test_wait_for_public_ip_already_has_ip PASSED [ 66%]
tests/cloud_providers/test_aws.py::test_wait_for_public_ip_timeout PASSED [ 68%]
tests/cloud_providers/test_aws.py::test_wait_for_public_ip_not_found_retry PASSED [ 70%]
tests/cloud_providers/test_aws.py::test_wait_for_public_ip_empty_string PASSED [ 72%]
tests/cloud_providers/test_aws.py::test_wait_for_public_ip_exponential_backoff PASSED [ 74%]
tests/cloud_providers/test_aws.py::test_create_volumes_and_attach_success PASSED [ 76%]
tests/cloud_providers/test_aws.py::test_create_volumes_and_attach_no_volumes PASSED [ 78%]
tests/cloud_providers/test_aws.py::test_create_volumes_and_attach_instance_not_found PASSED [ 80%]
tests/cloud_providers/test_aws.py::test_create_volume_validation_invalid_size PASSED [ 82%]
tests/cloud_providers/test_aws.py::test_create_volume_validation_invalid_format PASSED [ 84%]
tests/cloud_providers/test_aws.py::test_create_volumes_and_attach_too_many_volumes PASSED [ 86%]
tests/cloud_providers/test_aws.py::test_create_volumes_and_attach_cleanup_on_failure PASSED [ 88%]
tests/cloud_providers/test_aws.py::test_create_volumes_and_attach_zone_mismatch PASSED [ 90%]
tests/cloud_providers/test_aws.py::test_create_volumes_and_attach_attachment_limit_exceeded PASSED [ 92%]
tests/cloud_providers/test_aws.py::test_create_volumes_and_attach_volume_not_available PASSED [ 94%]
tests/cloud_providers/test_aws.py::test_get_instance_az_success PASSED   [ 96%]
tests/cloud_providers/test_aws.py::test_get_instance_az_not_found PASSED [ 98%]
tests/cloud_providers/test_aws.py::test_create_volume_tagging PASSED     [100%]

=================================== FAILURES ===================================
______________________ test_validate_credentials_success _______________________
async def functions are not natively supported.
You need to install a suitable plugin for your async framework, for example:
  - anyio
  - pytest-asyncio
  - pytest-tornasync
  - pytest-trio
  - pytest-twisted
---------------------------- Captured stdout setup -----------------------------
Created temporary directory: /tmp/tmpndxfns57
______________________ test_validate_credentials_invalid _______________________
gpustack/cloud_providers/aws.py:161: in validate_credentials
    async with self._get_client() as client:
E   TypeError: 'coroutine' object does not support the asynchronous context manager protocol

The above exception was the direct cause of the following exception:
tests/cloud_providers/test_aws.py:48: in test_validate_credentials_invalid
    await client.validate_credentials()
gpustack/cloud_providers/aws.py:173: in validate_credentials
    raise RuntimeError(f"Failed to validate AWS credentials: {str(e)}") from e
E   RuntimeError: Failed to validate AWS credentials: 'coroutine' object does not support the asynchronous context manager protocol

During handling of the above exception, another exception occurred:
tests/cloud_providers/test_aws.py:47: in test_validate_credentials_invalid
    with pytest.raises(RuntimeError, match="Invalid AWS credentials"):
E   AssertionError: Regex pattern did not match.
E    Regex: 'Invalid AWS credentials'
E    Input: "Failed to validate AWS credentials: 'coroutine' object does not support the asynchronous context manager protocol"
------------------------------ Captured log call -------------------------------
ERROR    gpustack.cloud_providers.aws:aws.py:172 Unexpected error during credential validation: 'coroutine' object does not support the asynchronous context manager protocol
_________________________ test_create_ssh_key_success __________________________
async def functions are not natively supported.
You need to install a suitable plugin for your async framework, for example:
  - anyio
  - pytest-asyncio
  - pytest-tornasync
  - pytest-trio
  - pytest-twisted
________________________ test_create_ssh_key_duplicate _________________________
async def functions are not natively supported.
You need to install a suitable plugin for your async framework, for example:
  - anyio
  - pytest-asyncio
  - pytest-tornasync
  - pytest-trio
  - pytest-twisted
______________________ test_create_ssh_key_invalid_format ______________________
async def functions are not natively supported.
You need to install a suitable plugin for your async framework, for example:
  - anyio
  - pytest-asyncio
  - pytest-tornasync
  - pytest-trio
  - pytest-twisted
_________________________ test_delete_ssh_key_success __________________________
async def functions are not natively supported.
You need to install a suitable plugin for your async framework, for example:
  - anyio
  - pytest-asyncio
  - pytest-tornasync
  - pytest-trio
  - pytest-twisted
________________________ test_delete_ssh_key_not_found _________________________
async def functions are not natively supported.
You need to install a suitable plugin for your async framework, for example:
  - anyio
  - pytest-asyncio
  - pytest-tornasync
  - pytest-trio
  - pytest-twisted
____________________________ test_ssh_key_lifecycle ____________________________
async def functions are not natively supported.
You need to install a suitable plugin for your async framework, for example:
  - anyio
  - pytest-asyncio
  - pytest-tornasync
  - pytest-trio
  - pytest-twisted
_________________________ test_create_instance_success _________________________
async def functions are not natively supported.
You need to install a suitable plugin for your async framework, for example:
  - anyio
  - pytest-asyncio
  - pytest-tornasync
  - pytest-trio
  - pytest-twisted
___________________ test_create_instance_with_network_config ___________________
async def functions are not natively supported.
You need to install a suitable plugin for your async framework, for example:
  - anyio
  - pytest-asyncio
  - pytest-tornasync
  - pytest-trio
  - pytest-twisted
___________________ test_create_instance_security_group_only ___________________
async def functions are not natively supported.
You need to install a suitable plugin for your async framework, for example:
  - anyio
  - pytest-asyncio
  - pytest-tornasync
  - pytest-trio
  - pytest-twisted
_______________________ test_create_instance_invalid_ami _______________________
async def functions are not natively supported.
You need to install a suitable plugin for your async framework, for example:
  - anyio
  - pytest-asyncio
  - pytest-tornasync
  - pytest-trio
  - pytest-twisted
______________________ test_create_instance_no_user_data _______________________
async def functions are not natively supported.
You need to install a suitable plugin for your async framework, for example:
  - anyio
  - pytest-asyncio
  - pytest-tornasync
  - pytest-trio
  - pytest-twisted
________________________ test_create_instance_no_labels ________________________
async def functions are not natively supported.
You need to install a suitable plugin for your async framework, for example:
  - anyio
  - pytest-asyncio
  - pytest-tornasync
  - pytest-trio
  - pytest-twisted
_________________________ test_delete_instance_success _________________________
async def functions are not natively supported.
You need to install a suitable plugin for your async framework, for example:
  - anyio
  - pytest-asyncio
  - pytest-tornasync
  - pytest-trio
  - pytest-twisted
___________________ test_delete_instance_already_terminated ____________________
async def functions are not natively supported.
You need to install a suitable plugin for your async framework, for example:
  - anyio
  - pytest-asyncio
  - pytest-tornasync
  - pytest-trio
  - pytest-twisted
________________________ test_delete_instance_not_found ________________________
async def functions are not natively supported.
You need to install a suitable plugin for your async framework, for example:
  - anyio
  - pytest-asyncio
  - pytest-tornasync
  - pytest-trio
  - pytest-twisted
__________________________ test_get_instance_success ___________________________
async def functions are not natively supported.
You need to install a suitable plugin for your async framework, for example:
  - anyio
  - pytest-asyncio
  - pytest-tornasync
  - pytest-trio
  - pytest-twisted
_________________________ test_get_instance_not_found __________________________
async def functions are not natively supported.
You need to install a suitable plugin for your async framework, for example:
  - anyio
  - pytest-asyncio
  - pytest-tornasync
  - pytest-trio
  - pytest-twisted
_______________________ test_get_instance_state_mapping ________________________
async def functions are not natively supported.
You need to install a suitable plugin for your async framework, for example:
  - anyio
  - pytest-asyncio
  - pytest-tornasync
  - pytest-trio
  - pytest-twisted
______________________ test_get_instance_with_volume_ids _______________________
async def functions are not natively supported.
You need to install a suitable plugin for your async framework, for example:
  - anyio
  - pytest-asyncio
  - pytest-tornasync
  - pytest-trio
  - pytest-twisted
____________________ test_get_instance_public_ip_extraction ____________________
async def functions are not natively supported.
You need to install a suitable plugin for your async framework, for example:
  - anyio
  - pytest-asyncio
  - pytest-tornasync
  - pytest-trio
  - pytest-twisted
___________________________ test_instance_lifecycle ____________________________
async def functions are not natively supported.
You need to install a suitable plugin for your async framework, for example:
  - anyio
  - pytest-asyncio
  - pytest-tornasync
  - pytest-trio
  - pytest-twisted
=============================== warnings summary ===============================
gpustack/schemas/common.py:11
  /home/abner/Devel/abnerjacobsen/testes/gpustack/gpustack/schemas/common.py:11: DeprecationWarning: 'HTTP_422_UNPROCESSABLE_ENTITY' is deprecated. Use 'HTTP_422_UNPROCESSABLE_CONTENT' instead.
    from gpustack.api.exceptions import InvalidException

../../../../.pyenv/versions/3.12.4/lib/python3.12/site-packages/google/protobuf/internal/well_known_types.py:92
  /home/abner/.pyenv/versions/3.12.4/lib/python3.12/site-packages/google/protobuf/internal/well_known_types.py:92: DeprecationWarning: datetime.datetime.utcfromtimestamp() is deprecated and scheduled for removal in a future version. Use timezone-aware objects to represent datetimes in UTC: datetime.datetime.fromtimestamp(timestamp, datetime.UTC).
    _EPOCH_DATETIME = datetime.utcfromtimestamp(0)

tests/cloud_providers/test_aws.py::test_validate_credentials_success
  tests/cloud_providers/test_aws.py:31: PytestWarning: The test <Function test_validate_credentials_success> is marked with '@pytest.mark.asyncio' but it is not an async function. Please remove the asyncio mark. If the test is not marked explicitly, check for global marks applied via 'pytestmark'.
    @pytest.mark.asyncio

tests/cloud_providers/test_aws.py::test_validate_credentials_invalid
  /home/abner/.pyenv/versions/3.12.4/lib/python3.12/inspect.py:2733: RuntimeWarning: coroutine 'test_validate_credentials_success' was never awaited
    def __init__(self, name, kind, *, default=_empty, annotation=_empty):
  Enable tracemalloc to get traceback where the object was allocated.
  See https://docs.pytest.org/en/stable/how-to/capture-warnings.html#resource-warnings for more info.

tests/cloud_providers/test_aws.py::test_validate_credentials_invalid
  /home/abner/Devel/abnerjacobsen/testes/gpustack/gpustack/cloud_providers/aws.py:161: RuntimeWarning: coroutine 'AWSClient._get_client' was never awaited
    async with self._get_client() as client:
  Enable tracemalloc to get traceback where the object was allocated.
  See https://docs.pytest.org/en/stable/how-to/capture-warnings.html#resource-warnings for more info.

tests/cloud_providers/test_aws.py::test_create_ssh_key_success
  tests/cloud_providers/test_aws.py:76: PytestWarning: The test <Function test_create_ssh_key_success> is marked with '@pytest.mark.asyncio' but it is not an async function. Please remove the asyncio mark. If the test is not marked explicitly, check for global marks applied via 'pytestmark'.
    @pytest.mark.asyncio

tests/cloud_providers/test_aws.py::test_create_ssh_key_duplicate
  /home/abner/.pyenv/versions/3.12.4/lib/python3.12/inspect.py:3066: RuntimeWarning: coroutine 'test_create_ssh_key_success' was never awaited
    params = OrderedDict((param.name, param) for param in parameters)
  Enable tracemalloc to get traceback where the object was allocated.
  See https://docs.pytest.org/en/stable/how-to/capture-warnings.html#resource-warnings for more info.

tests/cloud_providers/test_aws.py::test_create_ssh_key_duplicate
  tests/cloud_providers/test_aws.py:97: PytestWarning: The test <Function test_create_ssh_key_duplicate> is marked with '@pytest.mark.asyncio' but it is not an async function. Please remove the asyncio mark. If the test is not marked explicitly, check for global marks applied via 'pytestmark'.
    @pytest.mark.asyncio

tests/cloud_providers/test_aws.py::test_create_ssh_key_invalid_format
  /home/abner/.pyenv/versions/3.12.4/lib/python3.12/inspect.py:3066: RuntimeWarning: coroutine 'test_create_ssh_key_duplicate' was never awaited
    params = OrderedDict((param.name, param) for param in parameters)
  Enable tracemalloc to get traceback where the object was allocated.
  See https://docs.pytest.org/en/stable/how-to/capture-warnings.html#resource-warnings for more info.

tests/cloud_providers/test_aws.py::test_create_ssh_key_invalid_format
  tests/cloud_providers/test_aws.py:112: PytestWarning: The test <Function test_create_ssh_key_invalid_format> is marked with '@pytest.mark.asyncio' but it is not an async function. Please remove the asyncio mark. If the test is not marked explicitly, check for global marks applied via 'pytestmark'.
    @pytest.mark.asyncio

tests/cloud_providers/test_aws.py::test_delete_ssh_key_success
  /home/abner/.pyenv/versions/3.12.4/lib/python3.12/inspect.py:2733: RuntimeWarning: coroutine 'test_create_ssh_key_invalid_format' was never awaited
    def __init__(self, name, kind, *, default=_empty, annotation=_empty):
  Enable tracemalloc to get traceback where the object was allocated.
  See https://docs.pytest.org/en/stable/how-to/capture-warnings.html#resource-warnings for more info.

tests/cloud_providers/test_aws.py::test_delete_ssh_key_success
  tests/cloud_providers/test_aws.py:122: PytestWarning: The test <Function test_delete_ssh_key_success> is marked with '@pytest.mark.asyncio' but it is not an async function. Please remove the asyncio mark. If the test is not marked explicitly, check for global marks applied via 'pytestmark'.
    @pytest.mark.asyncio

tests/cloud_providers/test_aws.py::test_delete_ssh_key_not_found
  /home/abner/.pyenv/versions/3.12.4/lib/python3.12/inspect.py:3066: RuntimeWarning: coroutine 'test_delete_ssh_key_success' was never awaited
    params = OrderedDict((param.name, param) for param in parameters)
  Enable tracemalloc to get traceback where the object was allocated.
  See https://docs.pytest.org/en/stable/how-to/capture-warnings.html#resource-warnings for more info.

tests/cloud_providers/test_aws.py::test_delete_ssh_key_not_found
  tests/cloud_providers/test_aws.py:144: PytestWarning: The test <Function test_delete_ssh_key_not_found> is marked with '@pytest.mark.asyncio' but it is not an async function. Please remove the asyncio mark. If the test is not marked explicitly, check for global marks applied via 'pytestmark'.
    @pytest.mark.asyncio

tests/cloud_providers/test_aws.py::test_ssh_key_lifecycle
  /home/abner/.pyenv/versions/3.12.4/lib/python3.12/inspect.py:3066: RuntimeWarning: coroutine 'test_delete_ssh_key_not_found' was never awaited
    params = OrderedDict((param.name, param) for param in parameters)
  Enable tracemalloc to get traceback where the object was allocated.
  See https://docs.pytest.org/en/stable/how-to/capture-warnings.html#resource-warnings for more info.

tests/cloud_providers/test_aws.py::test_ssh_key_lifecycle
  tests/cloud_providers/test_aws.py:155: PytestWarning: The test <Function test_ssh_key_lifecycle> is marked with '@pytest.mark.asyncio' but it is not an async function. Please remove the asyncio mark. If the test is not marked explicitly, check for global marks applied via 'pytestmark'.
    @pytest.mark.asyncio

tests/cloud_providers/test_aws.py::test_create_instance_success
  /home/abner/.pyenv/versions/3.12.4/lib/python3.12/inspect.py:3066: RuntimeWarning: coroutine 'test_ssh_key_lifecycle' was never awaited
    params = OrderedDict((param.name, param) for param in parameters)
  Enable tracemalloc to get traceback where the object was allocated.
  See https://docs.pytest.org/en/stable/how-to/capture-warnings.html#resource-warnings for more info.

tests/cloud_providers/test_aws.py::test_create_instance_success
  tests/cloud_providers/test_aws.py:190: PytestWarning: The test <Function test_create_instance_success> is marked with '@pytest.mark.asyncio' but it is not an async function. Please remove the asyncio mark. If the test is not marked explicitly, check for global marks applied via 'pytestmark'.
    @pytest.mark.asyncio

tests/cloud_providers/test_aws.py::test_create_instance_with_network_config
  /home/abner/.pyenv/versions/3.12.4/lib/python3.12/inspect.py:3066: RuntimeWarning: coroutine 'test_create_instance_success' was never awaited
    params = OrderedDict((param.name, param) for param in parameters)
  Enable tracemalloc to get traceback where the object was allocated.
  See https://docs.pytest.org/en/stable/how-to/capture-warnings.html#resource-warnings for more info.

tests/cloud_providers/test_aws.py::test_create_instance_with_network_config
  tests/cloud_providers/test_aws.py:241: PytestWarning: The test <Function test_create_instance_with_network_config> is marked with '@pytest.mark.asyncio' but it is not an async function. Please remove the asyncio mark. If the test is not marked explicitly, check for global marks applied via 'pytestmark'.
    @pytest.mark.asyncio

tests/cloud_providers/test_aws.py::test_create_instance_security_group_only
  /home/abner/.pyenv/versions/3.12.4/lib/python3.12/inspect.py:3066: RuntimeWarning: coroutine 'test_create_instance_with_network_config' was never awaited
    params = OrderedDict((param.name, param) for param in parameters)
  Enable tracemalloc to get traceback where the object was allocated.
  See https://docs.pytest.org/en/stable/how-to/capture-warnings.html#resource-warnings for more info.

tests/cloud_providers/test_aws.py::test_create_instance_security_group_only
  tests/cloud_providers/test_aws.py:284: PytestWarning: The test <Function test_create_instance_security_group_only> is marked with '@pytest.mark.asyncio' but it is not an async function. Please remove the asyncio mark. If the test is not marked explicitly, check for global marks applied via 'pytestmark'.
    @pytest.mark.asyncio

tests/cloud_providers/test_aws.py::test_create_instance_invalid_ami
  /home/abner/.pyenv/versions/3.12.4/lib/python3.12/inspect.py:3066: RuntimeWarning: coroutine 'test_create_instance_security_group_only' was never awaited
    params = OrderedDict((param.name, param) for param in parameters)
  Enable tracemalloc to get traceback where the object was allocated.
  See https://docs.pytest.org/en/stable/how-to/capture-warnings.html#resource-warnings for more info.

tests/cloud_providers/test_aws.py::test_create_instance_invalid_ami
  tests/cloud_providers/test_aws.py:315: PytestWarning: The test <Function test_create_instance_invalid_ami> is marked with '@pytest.mark.asyncio' but it is not an async function. Please remove the asyncio mark. If the test is not marked explicitly, check for global marks applied via 'pytestmark'.
    @pytest.mark.asyncio

tests/cloud_providers/test_aws.py::test_create_instance_no_user_data
  /home/abner/.pyenv/versions/3.12.4/lib/python3.12/inspect.py:3066: RuntimeWarning: coroutine 'test_create_instance_invalid_ami' was never awaited
    params = OrderedDict((param.name, param) for param in parameters)
  Enable tracemalloc to get traceback where the object was allocated.
  See https://docs.pytest.org/en/stable/how-to/capture-warnings.html#resource-warnings for more info.

tests/cloud_providers/test_aws.py::test_create_instance_no_user_data
  tests/cloud_providers/test_aws.py:333: PytestWarning: The test <Function test_create_instance_no_user_data> is marked with '@pytest.mark.asyncio' but it is not an async function. Please remove the asyncio mark. If the test is not marked explicitly, check for global marks applied via 'pytestmark'.
    @pytest.mark.asyncio

tests/cloud_providers/test_aws.py::test_create_instance_no_labels
  /home/abner/.pyenv/versions/3.12.4/lib/python3.12/inspect.py:3066: RuntimeWarning: coroutine 'test_create_instance_no_user_data' was never awaited
    params = OrderedDict((param.name, param) for param in parameters)
  Enable tracemalloc to get traceback where the object was allocated.
  See https://docs.pytest.org/en/stable/how-to/capture-warnings.html#resource-warnings for more info.

tests/cloud_providers/test_aws.py::test_create_instance_no_labels
  tests/cloud_providers/test_aws.py:353: PytestWarning: The test <Function test_create_instance_no_labels> is marked with '@pytest.mark.asyncio' but it is not an async function. Please remove the asyncio mark. If the test is not marked explicitly, check for global marks applied via 'pytestmark'.
    @pytest.mark.asyncio

tests/cloud_providers/test_aws.py::test_delete_instance_success
  /home/abner/.pyenv/versions/3.12.4/lib/python3.12/inspect.py:3066: RuntimeWarning: coroutine 'test_create_instance_no_labels' was never awaited
    params = OrderedDict((param.name, param) for param in parameters)
  Enable tracemalloc to get traceback where the object was allocated.
  See https://docs.pytest.org/en/stable/how-to/capture-warnings.html#resource-warnings for more info.

tests/cloud_providers/test_aws.py::test_delete_instance_success
  tests/cloud_providers/test_aws.py:385: PytestWarning: The test <Function test_delete_instance_success> is marked with '@pytest.mark.asyncio' but it is not an async function. Please remove the asyncio mark. If the test is not marked explicitly, check for global marks applied via 'pytestmark'.
    @pytest.mark.asyncio

tests/cloud_providers/test_aws.py::test_delete_instance_already_terminated
  /home/abner/.pyenv/versions/3.12.4/lib/python3.12/inspect.py:3066: RuntimeWarning: coroutine 'test_delete_instance_success' was never awaited
    params = OrderedDict((param.name, param) for param in parameters)
  Enable tracemalloc to get traceback where the object was allocated.
  See https://docs.pytest.org/en/stable/how-to/capture-warnings.html#resource-warnings for more info.

tests/cloud_providers/test_aws.py::test_delete_instance_already_terminated
  tests/cloud_providers/test_aws.py:419: PytestWarning: The test <Function test_delete_instance_already_terminated> is marked with '@pytest.mark.asyncio' but it is not an async function. Please remove the asyncio mark. If the test is not marked explicitly, check for global marks applied via 'pytestmark'.
    @pytest.mark.asyncio

tests/cloud_providers/test_aws.py::test_delete_instance_not_found
  /home/abner/.pyenv/versions/3.12.4/lib/python3.12/inspect.py:3066: RuntimeWarning: coroutine 'test_delete_instance_already_terminated' was never awaited
    params = OrderedDict((param.name, param) for param in parameters)
  Enable tracemalloc to get traceback where the object was allocated.
  See https://docs.pytest.org/en/stable/how-to/capture-warnings.html#resource-warnings for more info.

tests/cloud_providers/test_aws.py::test_delete_instance_not_found
  tests/cloud_providers/test_aws.py:447: PytestWarning: The test <Function test_delete_instance_not_found> is marked with '@pytest.mark.asyncio' but it is not an async function. Please remove the asyncio mark. If the test is not marked explicitly, check for global marks applied via 'pytestmark'.
    @pytest.mark.asyncio

tests/cloud_providers/test_aws.py::test_get_instance_success
  /home/abner/.pyenv/versions/3.12.4/lib/python3.12/inspect.py:3066: RuntimeWarning: coroutine 'test_delete_instance_not_found' was never awaited
    params = OrderedDict((param.name, param) for param in parameters)
  Enable tracemalloc to get traceback where the object was allocated.
  See https://docs.pytest.org/en/stable/how-to/capture-warnings.html#resource-warnings for more info.

tests/cloud_providers/test_aws.py::test_get_instance_success
  tests/cloud_providers/test_aws.py:461: PytestWarning: The test <Function test_get_instance_success> is marked with '@pytest.mark.asyncio' but it is not an async function. Please remove the asyncio mark. If the test is not marked explicitly, check for global marks applied via 'pytestmark'.
    @pytest.mark.asyncio

tests/cloud_providers/test_aws.py::test_get_instance_not_found
  /home/abner/.pyenv/versions/3.12.4/lib/python3.12/inspect.py:3066: RuntimeWarning: coroutine 'test_get_instance_success' was never awaited
    params = OrderedDict((param.name, param) for param in parameters)
  Enable tracemalloc to get traceback where the object was allocated.
  See https://docs.pytest.org/en/stable/how-to/capture-warnings.html#resource-warnings for more info.

tests/cloud_providers/test_aws.py::test_get_instance_not_found
  tests/cloud_providers/test_aws.py:503: PytestWarning: The test <Function test_get_instance_not_found> is marked with '@pytest.mark.asyncio' but it is not an async function. Please remove the asyncio mark. If the test is not marked explicitly, check for global marks applied via 'pytestmark'.
    @pytest.mark.asyncio

tests/cloud_providers/test_aws.py::test_get_instance_state_mapping
  /home/abner/.pyenv/versions/3.12.4/lib/python3.12/inspect.py:3066: RuntimeWarning: coroutine 'test_get_instance_not_found' was never awaited
    params = OrderedDict((param.name, param) for param in parameters)
  Enable tracemalloc to get traceback where the object was allocated.
  See https://docs.pytest.org/en/stable/how-to/capture-warnings.html#resource-warnings for more info.

tests/cloud_providers/test_aws.py::test_get_instance_state_mapping
  tests/cloud_providers/test_aws.py:513: PytestWarning: The test <Function test_get_instance_state_mapping> is marked with '@pytest.mark.asyncio' but it is not an async function. Please remove the asyncio mark. If the test is not marked explicitly, check for global marks applied via 'pytestmark'.
    @pytest.mark.asyncio

tests/cloud_providers/test_aws.py::test_get_instance_with_volume_ids
  /home/abner/.pyenv/versions/3.12.4/lib/python3.12/inspect.py:3066: RuntimeWarning: coroutine 'test_get_instance_state_mapping' was never awaited
    params = OrderedDict((param.name, param) for param in parameters)
  Enable tracemalloc to get traceback where the object was allocated.
  See https://docs.pytest.org/en/stable/how-to/capture-warnings.html#resource-warnings for more info.

tests/cloud_providers/test_aws.py::test_get_instance_with_volume_ids
  tests/cloud_providers/test_aws.py:544: PytestWarning: The test <Function test_get_instance_with_volume_ids> is marked with '@pytest.mark.asyncio' but it is not an async function. Please remove the asyncio mark. If the test is not marked explicitly, check for global marks applied via 'pytestmark'.
    @pytest.mark.asyncio

tests/cloud_providers/test_aws.py::test_get_instance_public_ip_extraction
  /home/abner/.pyenv/versions/3.12.4/lib/python3.12/inspect.py:3066: RuntimeWarning: coroutine 'test_get_instance_with_volume_ids' was never awaited
    params = OrderedDict((param.name, param) for param in parameters)
  Enable tracemalloc to get traceback where the object was allocated.
  See https://docs.pytest.org/en/stable/how-to/capture-warnings.html#resource-warnings for more info.

tests/cloud_providers/test_aws.py::test_get_instance_public_ip_extraction
  tests/cloud_providers/test_aws.py:571: PytestWarning: The test <Function test_get_instance_public_ip_extraction> is marked with '@pytest.mark.asyncio' but it is not an async function. Please remove the asyncio mark. If the test is not marked explicitly, check for global marks applied via 'pytestmark'.
    @pytest.mark.asyncio

tests/cloud_providers/test_aws.py::test_instance_lifecycle
  /home/abner/.pyenv/versions/3.12.4/lib/python3.12/inspect.py:3066: RuntimeWarning: coroutine 'test_get_instance_public_ip_extraction' was never awaited
    params = OrderedDict((param.name, param) for param in parameters)
  Enable tracemalloc to get traceback where the object was allocated.
  See https://docs.pytest.org/en/stable/how-to/capture-warnings.html#resource-warnings for more info.

tests/cloud_providers/test_aws.py::test_instance_lifecycle
  tests/cloud_providers/test_aws.py:596: PytestWarning: The test <Function test_instance_lifecycle> is marked with '@pytest.mark.asyncio' but it is not an async function. Please remove the asyncio mark. If the test is not marked explicitly, check for global marks applied via 'pytestmark'.
    @pytest.mark.asyncio

tests/cloud_providers/test_aws.py::test_wait_for_started_success
  /home/abner/.pyenv/versions/3.12.4/lib/python3.12/inspect.py:3066: RuntimeWarning: coroutine 'test_instance_lifecycle' was never awaited
    params = OrderedDict((param.name, param) for param in parameters)
  Enable tracemalloc to get traceback where the object was allocated.
  See https://docs.pytest.org/en/stable/how-to/capture-warnings.html#resource-warnings for more info.

-- Docs: https://docs.pytest.org/en/stable/how-to/capture-warnings.html
=========================== short test summary info ============================
FAILED tests/cloud_providers/test_aws.py::test_validate_credentials_success
FAILED tests/cloud_providers/test_aws.py::test_validate_credentials_invalid
FAILED tests/cloud_providers/test_aws.py::test_create_ssh_key_success - Faile...
FAILED tests/cloud_providers/test_aws.py::test_create_ssh_key_duplicate - Fai...
FAILED tests/cloud_providers/test_aws.py::test_create_ssh_key_invalid_format
FAILED tests/cloud_providers/test_aws.py::test_delete_ssh_key_success - Faile...
FAILED tests/cloud_providers/test_aws.py::test_delete_ssh_key_not_found - Fai...
FAILED tests/cloud_providers/test_aws.py::test_ssh_key_lifecycle - Failed: as...
FAILED tests/cloud_providers/test_aws.py::test_create_instance_success - Fail...
FAILED tests/cloud_providers/test_aws.py::test_create_instance_with_network_config
FAILED tests/cloud_providers/test_aws.py::test_create_instance_security_group_only
FAILED tests/cloud_providers/test_aws.py::test_create_instance_invalid_ami - ...
FAILED tests/cloud_providers/test_aws.py::test_create_instance_no_user_data
FAILED tests/cloud_providers/test_aws.py::test_create_instance_no_labels - Fa...
FAILED tests/cloud_providers/test_aws.py::test_delete_instance_success - Fail...
FAILED tests/cloud_providers/test_aws.py::test_delete_instance_already_terminated
FAILED tests/cloud_providers/test_aws.py::test_delete_instance_not_found - Fa...
FAILED tests/cloud_providers/test_aws.py::test_get_instance_success - Failed:...
FAILED tests/cloud_providers/test_aws.py::test_get_instance_not_found - Faile...
FAILED tests/cloud_providers/test_aws.py::test_get_instance_state_mapping - F...
FAILED tests/cloud_providers/test_aws.py::test_get_instance_with_volume_ids
FAILED tests/cloud_providers/test_aws.py::test_get_instance_public_ip_extraction
FAILED tests/cloud_providers/test_aws.py::test_instance_lifecycle - Failed: a...
================== 23 failed, 27 passed, 47 warnings in 0.92s ==================
